Restore Archived Project report for S_SKT_ADC_CHP_TST
Mon Aug  7 11:46:23 2017
Quartus Prime Version 16.1.0 Build 196 10/24/2016 SJ Lite Edition


---------------------
; Table of Contents ;
---------------------
  1. Legal Notice
  2. Restore Archived Project Summary
  3. Restore Archived Project Messages
  4. Files Restored
  5. Files Not Restored



----------------
; Legal Notice ;
----------------
Copyright (C) 2016  Intel Corporation. All rights reserved.
Your use of Intel Corporation's design tools, logic functions 
and other software and tools, and its AMPP partner logic 
functions, and any output files from any of the foregoing 
(including device programming or simulation files), and any 
associated documentation or information are expressly subject 
to the terms and conditions of the Intel Program License 
Subscription Agreement, the Intel Quartus Prime License Agreement,
the Intel MegaCore Function License Agreement, or other 
applicable license agreement, including, without limitation, 
that your use is for the sole purpose of programming logic 
devices manufactured by Intel and sold by Intel or its 
authorized distributors.  Please refer to the applicable 
agreement for further details.



+-------------------------------------------------------------------------+
; Restore Archived Project Summary                                        ;
+---------------------------------+---------------------------------------+
; Restore Archived Project Status ; Successful - Mon Aug  7 11:46:23 2017 ;
; Revision Name                   ; S_SKT_ADC_CHP_TST                     ;
; Top-level Entity Name           ; S_SKT_ADC_CHP_TST                     ;
; Family                          ; Cyclone IV GX                         ;
+---------------------------------+---------------------------------------+


+-----------------------------------+
; Restore Archived Project Messages ;
+-----------------------------------+
Info: Successfully restored '/home/jhugon/dune/coldelectronics/femb_firmware/single_adc_tester_vA00/S_SKT_ADC_CHP_TST_VA00.qar' into the '/home/jhugon/dune/coldelectronics/femb_firmware/single_adc_tester_vA00/S_SKT_ADC_CHP_TST_VA00_restored/' directory
Info: Generated report 'S_SKT_ADC_CHP_TST.restore.rpt'
Info (23030): Evaluation of Tcl script /home/jhugon/intelFPGA_lite/16.1/quartus/common/tcl/apps/qpm/qar.tcl was successful
Info: Quartus Prime Shell was successful. 0 errors, 0 warnings
    Info: Peak virtual memory: 1050 megabytes
    Info: Processing ended: Mon Aug  7 11:46:23 2017
    Info: Elapsed time: 00:00:02
    Info: Total CPU time (on all processors): 00:00:01


+--------------------------------------------------------------------------------------------+
; Files Restored                                                                             ;
+--------------------------------------------------------------------------------------------+
; File Name                                                                                  ;
+--------------------------------------------------------------------------------------------+
; qar_info.json                                                                              ;
; ADC_FIFO.cmp                                                                               ;
; ADC_FIFO.qip                                                                               ;
; ADC_FIFO.vhd                                                                               ;
; ADC_PLL.cmp                                                                                ;
; ADC_PLL.ppf                                                                                ;
; ADC_PLL.qip                                                                                ;
; ADC_PLL.vhd                                                                                ;
; ADC_s_SKT_RDOUT.vhd                                                                        ;
; ADV_SFL.cmp                                                                                ;
; ADV_SFL.qip                                                                                ;
; ADV_SFL.vhd                                                                                ;
; ALTGX_TX.cmp                                                                               ;
; ALTGX_TX.ppf                                                                               ;
; ALTGX_TX.qip                                                                               ;
; ALTGX_TX.vhd                                                                               ;
; DPM_LBNE_REG.cmp                                                                           ;
; DPM_LBNE_REG.qip                                                                           ;
; DPM_LBNE_REG.vhd                                                                           ;
; DPM_SAMP_WFM.cmp                                                                           ;
; DPM_SAMP_WFM.qip                                                                           ;
; DPM_SAMP_WFM.vhd                                                                           ;
; I2C_slave_32bit_A16.vhd                                                                    ;
; ProtoDUNE_ADC_CLK_TOP.vhd                                                                  ;
; ProtoDUNE_ADC_clk_gen.vhd                                                                  ;
; ProtoDUNE_ASIC_CNTRL.vhd                                                                   ;
; SBND_ASIC_RDOUT_v2.vhd                                                                     ;
; SBND_HSTX.VHD                                                                              ;
; SBND_PKT.vhd                                                                               ;
; SBND_PKT_GEN.vhd                                                                           ;
; SBND_PWM_CLK_DECODER.vhd                                                                   ;
; SBND_RDOUT_V1.vhd                                                                          ;
; SBND_SYNC_START_STOP.vhd                                                                   ;
; SBND_TST_PULSE.vhd                                                                         ;
; SBND_TS_AND_ADC_ERR.vhd                                                                    ;
; SBND_registers.vhd                                                                         ;
; S_SKT_ADC_CHP_TST.qpf                                                                      ;
; S_SKT_ADC_CHP_TST.qsf                                                                      ;
; S_SKT_ADC_CHP_TST.sdc                                                                      ;
; S_SKT_ADC_CHP_TST.vhd                                                                      ;
; SbndPkg.vhd                                                                                ;
; TSE_MAC_v16.cmp                                                                            ;
; TSE_MAC_v16.qip                                                                            ;
; TSE_MAC_v16.sip                                                                            ;
; TSE_MAC_v16.spd                                                                            ;
; TSE_MAC_v16.vhd                                                                            ;
; TSE_MAC_v16/TSE_MAC_v16_0002.v                                                             ;
; TSE_MAC_v16/altera_eth_tse_avalon_arbiter.v                                                ;
; TSE_MAC_v16/altera_eth_tse_mac.sdc                                                         ;
; TSE_MAC_v16/altera_eth_tse_mac.v                                                           ;
; TSE_MAC_v16/altera_eth_tse_pcs_pma_gxb.sdc                                                 ;
; TSE_MAC_v16/altera_eth_tse_pcs_pma_gxb.v                                                   ;
; TSE_MAC_v16/altera_eth_tse_ptp_std_synchronizer.v                                          ;
; TSE_MAC_v16/altera_eth_tse_std_synchronizer.v                                              ;
; TSE_MAC_v16/altera_eth_tse_std_synchronizer_bundle.v                                       ;
; TSE_MAC_v16/altera_reset_controller.sdc                                                    ;
; TSE_MAC_v16/altera_reset_controller.v                                                      ;
; TSE_MAC_v16/altera_reset_synchronizer.v                                                    ;
; TSE_MAC_v16/altera_std_synchronizer_nocut.v                                                ;
; TSE_MAC_v16/altera_tse_a_fifo_13.v                                                         ;
; TSE_MAC_v16/altera_tse_a_fifo_24.v                                                         ;
; TSE_MAC_v16/altera_tse_a_fifo_34.v                                                         ;
; TSE_MAC_v16/altera_tse_a_fifo_opt_1246.v                                                   ;
; TSE_MAC_v16/altera_tse_a_fifo_opt_14_44.v                                                  ;
; TSE_MAC_v16/altera_tse_a_fifo_opt_36_10.v                                                  ;
; TSE_MAC_v16/altera_tse_align_sync.v                                                        ;
; TSE_MAC_v16/altera_tse_alt4gxb_gige.v                                                      ;
; TSE_MAC_v16/altera_tse_alt4gxb_gige_wo_rmfifo.v                                            ;
; TSE_MAC_v16/altera_tse_altgx_civgx_gige.v                                                  ;
; TSE_MAC_v16/altera_tse_altgx_civgx_gige_wo_rmfifo.v                                        ;
; TSE_MAC_v16/altera_tse_altgxb.v                                                            ;
; TSE_MAC_v16/altera_tse_altshifttaps.v                                                      ;
; TSE_MAC_v16/altera_tse_altsyncram_dpm_fifo.v                                               ;
; TSE_MAC_v16/altera_tse_bin_cnt.v                                                           ;
; TSE_MAC_v16/altera_tse_carrier_sense.v                                                     ;
; TSE_MAC_v16/altera_tse_clk_cntl.v                                                          ;
; TSE_MAC_v16/altera_tse_clk_gen.v                                                           ;
; TSE_MAC_v16/altera_tse_clock_crosser.v                                                     ;
; TSE_MAC_v16/altera_tse_colision_detect.v                                                   ;
; TSE_MAC_v16/altera_tse_crc328checker.v                                                     ;
; TSE_MAC_v16/altera_tse_crc328generator.v                                                   ;
; TSE_MAC_v16/altera_tse_crc32ctl8.v                                                         ;
; TSE_MAC_v16/altera_tse_crc32galois8.v                                                      ;
; TSE_MAC_v16/altera_tse_dec10b8b.v                                                          ;
; TSE_MAC_v16/altera_tse_dec_func.v                                                          ;
; TSE_MAC_v16/altera_tse_dpram_16x32.v                                                       ;
; TSE_MAC_v16/altera_tse_dpram_8x32.v                                                        ;
; TSE_MAC_v16/altera_tse_dpram_ecc_16x32.v                                                   ;
; TSE_MAC_v16/altera_tse_ecc_dec_x10.v                                                       ;
; TSE_MAC_v16/altera_tse_ecc_dec_x14.v                                                       ;
; TSE_MAC_v16/altera_tse_ecc_dec_x2.v                                                        ;
; TSE_MAC_v16/altera_tse_ecc_dec_x23.v                                                       ;
; TSE_MAC_v16/altera_tse_ecc_dec_x30.v                                                       ;
; TSE_MAC_v16/altera_tse_ecc_dec_x36.v                                                       ;
; TSE_MAC_v16/altera_tse_ecc_dec_x40.v                                                       ;
; TSE_MAC_v16/altera_tse_ecc_enc_x10.v                                                       ;
; TSE_MAC_v16/altera_tse_ecc_enc_x10_wrapper.v                                               ;
; TSE_MAC_v16/altera_tse_ecc_enc_x14.v                                                       ;
; TSE_MAC_v16/altera_tse_ecc_enc_x14_wrapper.v                                               ;
; TSE_MAC_v16/altera_tse_ecc_enc_x2.v                                                        ;
; TSE_MAC_v16/altera_tse_ecc_enc_x23.v                                                       ;
; TSE_MAC_v16/altera_tse_ecc_enc_x23_wrapper.v                                               ;
; TSE_MAC_v16/altera_tse_ecc_enc_x2_wrapper.v                                                ;
; TSE_MAC_v16/altera_tse_ecc_enc_x30.v                                                       ;
; TSE_MAC_v16/altera_tse_ecc_enc_x30_wrapper.v                                               ;
; TSE_MAC_v16/altera_tse_ecc_enc_x36.v                                                       ;
; TSE_MAC_v16/altera_tse_ecc_enc_x36_wrapper.v                                               ;
; TSE_MAC_v16/altera_tse_ecc_enc_x40.v                                                       ;
; TSE_MAC_v16/altera_tse_ecc_enc_x40_wrapper.v                                               ;
; TSE_MAC_v16/altera_tse_ecc_status_crosser.v                                                ;
; TSE_MAC_v16/altera_tse_enc8b10b.v                                                          ;
; TSE_MAC_v16/altera_tse_false_path_marker.v                                                 ;
; TSE_MAC_v16/altera_tse_fifoless_mac_rx.v                                                   ;
; TSE_MAC_v16/altera_tse_fifoless_mac_tx.v                                                   ;
; TSE_MAC_v16/altera_tse_fifoless_retransmit_cntl.v                                          ;
; TSE_MAC_v16/altera_tse_gmii_io.v                                                           ;
; TSE_MAC_v16/altera_tse_gray_cnt.v                                                          ;
; TSE_MAC_v16/altera_tse_gxb_aligned_rxsync.v                                                ;
; TSE_MAC_v16/altera_tse_gxb_gige_inst.v                                                     ;
; TSE_MAC_v16/altera_tse_hashing.v                                                           ;
; TSE_MAC_v16/altera_tse_host_control.v                                                      ;
; TSE_MAC_v16/altera_tse_host_control_small.v                                                ;
; TSE_MAC_v16/altera_tse_lb_read_cntl.v                                                      ;
; TSE_MAC_v16/altera_tse_lb_wrt_cntl.v                                                       ;
; TSE_MAC_v16/altera_tse_lfsr_10.v                                                           ;
; TSE_MAC_v16/altera_tse_loopback_ff.v                                                       ;
; TSE_MAC_v16/altera_tse_mac_control.v                                                       ;
; TSE_MAC_v16/altera_tse_mac_rx.v                                                            ;
; TSE_MAC_v16/altera_tse_mac_tx.v                                                            ;
; TSE_MAC_v16/altera_tse_magic_detection.v                                                   ;
; TSE_MAC_v16/altera_tse_mdio.v                                                              ;
; TSE_MAC_v16/altera_tse_mdio_clk_gen.v                                                      ;
; TSE_MAC_v16/altera_tse_mdio_cntl.v                                                         ;
; TSE_MAC_v16/altera_tse_mdio_reg.v                                                          ;
; TSE_MAC_v16/altera_tse_mii_rx_if.v                                                         ;
; TSE_MAC_v16/altera_tse_mii_rx_if_pcs.v                                                     ;
; TSE_MAC_v16/altera_tse_mii_tx_if.v                                                         ;
; TSE_MAC_v16/altera_tse_mii_tx_if_pcs.v                                                     ;
; TSE_MAC_v16/altera_tse_nf_rgmii_module.v                                                   ;
; TSE_MAC_v16/altera_tse_pcs_control.v                                                       ;
; TSE_MAC_v16/altera_tse_pcs_host_control.v                                                  ;
; TSE_MAC_v16/altera_tse_ph_calculator.sv                                                    ;
; TSE_MAC_v16/altera_tse_pipeline_base.v                                                     ;
; TSE_MAC_v16/altera_tse_pipeline_stage.sv                                                   ;
; TSE_MAC_v16/altera_tse_register_map.v                                                      ;
; TSE_MAC_v16/altera_tse_register_map_small.v                                                ;
; TSE_MAC_v16/altera_tse_reset_ctrl_lego.sv                                                  ;
; TSE_MAC_v16/altera_tse_reset_sequencer.sv                                                  ;
; TSE_MAC_v16/altera_tse_reset_synchronizer.v                                                ;
; TSE_MAC_v16/altera_tse_retransmit_cntl.v                                                   ;
; TSE_MAC_v16/altera_tse_rgmii_in1.v                                                         ;
; TSE_MAC_v16/altera_tse_rgmii_in4.v                                                         ;
; TSE_MAC_v16/altera_tse_rgmii_module.v                                                      ;
; TSE_MAC_v16/altera_tse_rgmii_out1.v                                                        ;
; TSE_MAC_v16/altera_tse_rgmii_out4.v                                                        ;
; TSE_MAC_v16/altera_tse_rx_converter.v                                                      ;
; TSE_MAC_v16/altera_tse_rx_counter_cntl.v                                                   ;
; TSE_MAC_v16/altera_tse_rx_encapsulation.v                                                  ;
; TSE_MAC_v16/altera_tse_rx_encapsulation_strx_gx.v                                          ;
; TSE_MAC_v16/altera_tse_rx_ff.v                                                             ;
; TSE_MAC_v16/altera_tse_rx_ff_cntrl.v                                                       ;
; TSE_MAC_v16/altera_tse_rx_ff_cntrl_32.v                                                    ;
; TSE_MAC_v16/altera_tse_rx_ff_cntrl_32_shift16.v                                            ;
; TSE_MAC_v16/altera_tse_rx_ff_length.v                                                      ;
; TSE_MAC_v16/altera_tse_rx_fifo_rd.v                                                        ;
; TSE_MAC_v16/altera_tse_rx_min_ff.v                                                         ;
; TSE_MAC_v16/altera_tse_rx_stat_extract.v                                                   ;
; TSE_MAC_v16/altera_tse_rx_sync.v                                                           ;
; TSE_MAC_v16/altera_tse_sdpm_altsyncram.v                                                   ;
; TSE_MAC_v16/altera_tse_sdpm_gen.v                                                          ;
; TSE_MAC_v16/altera_tse_sgmii_clk_cntl.v                                                    ;
; TSE_MAC_v16/altera_tse_sgmii_clk_div.v                                                     ;
; TSE_MAC_v16/altera_tse_sgmii_clk_enable.v                                                  ;
; TSE_MAC_v16/altera_tse_shared_mac_control.v                                                ;
; TSE_MAC_v16/altera_tse_shared_register_map.v                                               ;
; TSE_MAC_v16/altera_tse_timing_adapter32.v                                                  ;
; TSE_MAC_v16/altera_tse_timing_adapter8.v                                                   ;
; TSE_MAC_v16/altera_tse_timing_adapter_fifo32.v                                             ;
; TSE_MAC_v16/altera_tse_timing_adapter_fifo8.v                                              ;
; TSE_MAC_v16/altera_tse_top_1000_base_x.ocp                                                 ;
; TSE_MAC_v16/altera_tse_top_1000_base_x.v                                                   ;
; TSE_MAC_v16/altera_tse_top_1000_base_x_strx_gx.ocp                                         ;
; TSE_MAC_v16/altera_tse_top_1000_base_x_strx_gx.v                                           ;
; TSE_MAC_v16/altera_tse_top_1geth.v                                                         ;
; TSE_MAC_v16/altera_tse_top_autoneg.v                                                       ;
; TSE_MAC_v16/altera_tse_top_fifoless_1geth.v                                                ;
; TSE_MAC_v16/altera_tse_top_gen_host.v                                                      ;
; TSE_MAC_v16/altera_tse_top_mdio.v                                                          ;
; TSE_MAC_v16/altera_tse_top_pcs.v                                                           ;
; TSE_MAC_v16/altera_tse_top_pcs_strx_gx.v                                                   ;
; TSE_MAC_v16/altera_tse_top_rx.v                                                            ;
; TSE_MAC_v16/altera_tse_top_rx_converter.v                                                  ;
; TSE_MAC_v16/altera_tse_top_sgmii.v                                                         ;
; TSE_MAC_v16/altera_tse_top_sgmii_strx_gx.v                                                 ;
; TSE_MAC_v16/altera_tse_top_tx.v                                                            ;
; TSE_MAC_v16/altera_tse_top_tx_converter.v                                                  ;
; TSE_MAC_v16/altera_tse_top_w_fifo.v                                                        ;
; TSE_MAC_v16/altera_tse_top_w_fifo_10_100_1000.ocp                                          ;
; TSE_MAC_v16/altera_tse_top_w_fifo_10_100_1000.v                                            ;
; TSE_MAC_v16/altera_tse_top_wo_fifo.v                                                       ;
; TSE_MAC_v16/altera_tse_top_wo_fifo_10_100_1000.ocp                                         ;
; TSE_MAC_v16/altera_tse_top_wo_fifo_10_100_1000.v                                           ;
; TSE_MAC_v16/altera_tse_tx_converter.v                                                      ;
; TSE_MAC_v16/altera_tse_tx_counter_cntl.v                                                   ;
; TSE_MAC_v16/altera_tse_tx_encapsulation.v                                                  ;
; TSE_MAC_v16/altera_tse_tx_ff.v                                                             ;
; TSE_MAC_v16/altera_tse_tx_ff_cntrl.v                                                       ;
; TSE_MAC_v16/altera_tse_tx_ff_cntrl_32.v                                                    ;
; TSE_MAC_v16/altera_tse_tx_ff_cntrl_32_shift16.v                                            ;
; TSE_MAC_v16/altera_tse_tx_ff_length.v                                                      ;
; TSE_MAC_v16/altera_tse_tx_ff_read_cntl.v                                                   ;
; TSE_MAC_v16/altera_tse_tx_min_ff.v                                                         ;
; TSE_MAC_v16/altera_tse_tx_stat_extract.v                                                   ;
; TSE_MAC_v16/altera_tse_xcvr_resync.v                                                       ;
; TSE_MAC_v16_sim/TSE_MAC_v16.vhd                                                            ;
; TSE_MAC_v16_sim/altera_eth_tse_altgxb/altera_eth_tse_altgxb_0001.vho                       ;
; TSE_MAC_v16_sim/altera_eth_tse_avalon_arbiter/aldec/altera_eth_tse_avalon_arbiter.v        ;
; TSE_MAC_v16_sim/altera_eth_tse_avalon_arbiter/mentor/altera_eth_tse_avalon_arbiter.v       ;
; TSE_MAC_v16_sim/altera_eth_tse_mac/aldec/altera_eth_tse_mac.v                              ;
; TSE_MAC_v16_sim/altera_eth_tse_mac/aldec/altera_eth_tse_ptp_std_synchronizer.v             ;
; TSE_MAC_v16_sim/altera_eth_tse_mac/aldec/altera_eth_tse_std_synchronizer.v                 ;
; TSE_MAC_v16_sim/altera_eth_tse_mac/aldec/altera_eth_tse_std_synchronizer_bundle.v          ;
; TSE_MAC_v16_sim/altera_eth_tse_mac/aldec/altera_tse_a_fifo_13.v                            ;
; TSE_MAC_v16_sim/altera_eth_tse_mac/aldec/altera_tse_a_fifo_24.v                            ;
; TSE_MAC_v16_sim/altera_eth_tse_mac/aldec/altera_tse_a_fifo_34.v                            ;
; TSE_MAC_v16_sim/altera_eth_tse_mac/aldec/altera_tse_a_fifo_opt_1246.v                      ;
; TSE_MAC_v16_sim/altera_eth_tse_mac/aldec/altera_tse_a_fifo_opt_14_44.v                     ;
; TSE_MAC_v16_sim/altera_eth_tse_mac/aldec/altera_tse_a_fifo_opt_36_10.v                     ;
; TSE_MAC_v16_sim/altera_eth_tse_mac/aldec/altera_tse_altshifttaps.v                         ;
; TSE_MAC_v16_sim/altera_eth_tse_mac/aldec/altera_tse_altsyncram_dpm_fifo.v                  ;
; TSE_MAC_v16_sim/altera_eth_tse_mac/aldec/altera_tse_bin_cnt.v                              ;
; TSE_MAC_v16_sim/altera_eth_tse_mac/aldec/altera_tse_clk_cntl.v                             ;
; TSE_MAC_v16_sim/altera_eth_tse_mac/aldec/altera_tse_clock_crosser.v                        ;
; TSE_MAC_v16_sim/altera_eth_tse_mac/aldec/altera_tse_crc328checker.v                        ;
; TSE_MAC_v16_sim/altera_eth_tse_mac/aldec/altera_tse_crc328generator.v                      ;
; TSE_MAC_v16_sim/altera_eth_tse_mac/aldec/altera_tse_crc32ctl8.v                            ;
; TSE_MAC_v16_sim/altera_eth_tse_mac/aldec/altera_tse_crc32galois8.v                         ;
; TSE_MAC_v16_sim/altera_eth_tse_mac/aldec/altera_tse_dpram_16x32.v                          ;
; TSE_MAC_v16_sim/altera_eth_tse_mac/aldec/altera_tse_dpram_8x32.v                           ;
; TSE_MAC_v16_sim/altera_eth_tse_mac/aldec/altera_tse_dpram_ecc_16x32.v                      ;
; TSE_MAC_v16_sim/altera_eth_tse_mac/aldec/altera_tse_ecc_dec_x10.v                          ;
; TSE_MAC_v16_sim/altera_eth_tse_mac/aldec/altera_tse_ecc_dec_x14.v                          ;
; TSE_MAC_v16_sim/altera_eth_tse_mac/aldec/altera_tse_ecc_dec_x2.v                           ;
; TSE_MAC_v16_sim/altera_eth_tse_mac/aldec/altera_tse_ecc_dec_x23.v                          ;
; TSE_MAC_v16_sim/altera_eth_tse_mac/aldec/altera_tse_ecc_dec_x30.v                          ;
; TSE_MAC_v16_sim/altera_eth_tse_mac/aldec/altera_tse_ecc_dec_x36.v                          ;
; TSE_MAC_v16_sim/altera_eth_tse_mac/aldec/altera_tse_ecc_dec_x40.v                          ;
; TSE_MAC_v16_sim/altera_eth_tse_mac/aldec/altera_tse_ecc_enc_x10.v                          ;
; TSE_MAC_v16_sim/altera_eth_tse_mac/aldec/altera_tse_ecc_enc_x10_wrapper.v                  ;
; TSE_MAC_v16_sim/altera_eth_tse_mac/aldec/altera_tse_ecc_enc_x14.v                          ;
; TSE_MAC_v16_sim/altera_eth_tse_mac/aldec/altera_tse_ecc_enc_x14_wrapper.v                  ;
; TSE_MAC_v16_sim/altera_eth_tse_mac/aldec/altera_tse_ecc_enc_x2.v                           ;
; TSE_MAC_v16_sim/altera_eth_tse_mac/aldec/altera_tse_ecc_enc_x23.v                          ;
; TSE_MAC_v16_sim/altera_eth_tse_mac/aldec/altera_tse_ecc_enc_x23_wrapper.v                  ;
; TSE_MAC_v16_sim/altera_eth_tse_mac/aldec/altera_tse_ecc_enc_x2_wrapper.v                   ;
; TSE_MAC_v16_sim/altera_eth_tse_mac/aldec/altera_tse_ecc_enc_x30.v                          ;
; TSE_MAC_v16_sim/altera_eth_tse_mac/aldec/altera_tse_ecc_enc_x30_wrapper.v                  ;
; TSE_MAC_v16_sim/altera_eth_tse_mac/aldec/altera_tse_ecc_enc_x36.v                          ;
; TSE_MAC_v16_sim/altera_eth_tse_mac/aldec/altera_tse_ecc_enc_x36_wrapper.v                  ;
; TSE_MAC_v16_sim/altera_eth_tse_mac/aldec/altera_tse_ecc_enc_x40.v                          ;
; TSE_MAC_v16_sim/altera_eth_tse_mac/aldec/altera_tse_ecc_enc_x40_wrapper.v                  ;
; TSE_MAC_v16_sim/altera_eth_tse_mac/aldec/altera_tse_ecc_status_crosser.v                   ;
; TSE_MAC_v16_sim/altera_eth_tse_mac/aldec/altera_tse_false_path_marker.v                    ;
; TSE_MAC_v16_sim/altera_eth_tse_mac/aldec/altera_tse_fifoless_mac_rx.v                      ;
; TSE_MAC_v16_sim/altera_eth_tse_mac/aldec/altera_tse_fifoless_mac_tx.v                      ;
; TSE_MAC_v16_sim/altera_eth_tse_mac/aldec/altera_tse_fifoless_retransmit_cntl.v             ;
; TSE_MAC_v16_sim/altera_eth_tse_mac/aldec/altera_tse_gmii_io.v                              ;
; TSE_MAC_v16_sim/altera_eth_tse_mac/aldec/altera_tse_gray_cnt.v                             ;
; TSE_MAC_v16_sim/altera_eth_tse_mac/aldec/altera_tse_hashing.v                              ;
; TSE_MAC_v16_sim/altera_eth_tse_mac/aldec/altera_tse_host_control.v                         ;
; TSE_MAC_v16_sim/altera_eth_tse_mac/aldec/altera_tse_host_control_small.v                   ;
; TSE_MAC_v16_sim/altera_eth_tse_mac/aldec/altera_tse_lb_read_cntl.v                         ;
; TSE_MAC_v16_sim/altera_eth_tse_mac/aldec/altera_tse_lb_wrt_cntl.v                          ;
; TSE_MAC_v16_sim/altera_eth_tse_mac/aldec/altera_tse_lfsr_10.v                              ;
; TSE_MAC_v16_sim/altera_eth_tse_mac/aldec/altera_tse_loopback_ff.v                          ;
; TSE_MAC_v16_sim/altera_eth_tse_mac/aldec/altera_tse_mac_control.v                          ;
; TSE_MAC_v16_sim/altera_eth_tse_mac/aldec/altera_tse_mac_rx.v                               ;
; TSE_MAC_v16_sim/altera_eth_tse_mac/aldec/altera_tse_mac_tx.v                               ;
; TSE_MAC_v16_sim/altera_eth_tse_mac/aldec/altera_tse_magic_detection.v                      ;
; TSE_MAC_v16_sim/altera_eth_tse_mac/aldec/altera_tse_mdio.v                                 ;
; TSE_MAC_v16_sim/altera_eth_tse_mac/aldec/altera_tse_mdio_clk_gen.v                         ;
; TSE_MAC_v16_sim/altera_eth_tse_mac/aldec/altera_tse_mdio_cntl.v                            ;
; TSE_MAC_v16_sim/altera_eth_tse_mac/aldec/altera_tse_mii_rx_if.v                            ;
; TSE_MAC_v16_sim/altera_eth_tse_mac/aldec/altera_tse_mii_tx_if.v                            ;
; TSE_MAC_v16_sim/altera_eth_tse_mac/aldec/altera_tse_nf_rgmii_module.v                      ;
; TSE_MAC_v16_sim/altera_eth_tse_mac/aldec/altera_tse_ph_calculator.sv                       ;
; TSE_MAC_v16_sim/altera_eth_tse_mac/aldec/altera_tse_pipeline_base.v                        ;
; TSE_MAC_v16_sim/altera_eth_tse_mac/aldec/altera_tse_pipeline_stage.sv                      ;
; TSE_MAC_v16_sim/altera_eth_tse_mac/aldec/altera_tse_register_map.v                         ;
; TSE_MAC_v16_sim/altera_eth_tse_mac/aldec/altera_tse_register_map_small.v                   ;
; TSE_MAC_v16_sim/altera_eth_tse_mac/aldec/altera_tse_reset_synchronizer.v                   ;
; TSE_MAC_v16_sim/altera_eth_tse_mac/aldec/altera_tse_retransmit_cntl.v                      ;
; TSE_MAC_v16_sim/altera_eth_tse_mac/aldec/altera_tse_rgmii_in1.v                            ;
; TSE_MAC_v16_sim/altera_eth_tse_mac/aldec/altera_tse_rgmii_in4.v                            ;
; TSE_MAC_v16_sim/altera_eth_tse_mac/aldec/altera_tse_rgmii_module.v                         ;
; TSE_MAC_v16_sim/altera_eth_tse_mac/aldec/altera_tse_rgmii_out1.v                           ;
; TSE_MAC_v16_sim/altera_eth_tse_mac/aldec/altera_tse_rgmii_out4.v                           ;
; TSE_MAC_v16_sim/altera_eth_tse_mac/aldec/altera_tse_rx_counter_cntl.v                      ;
; TSE_MAC_v16_sim/altera_eth_tse_mac/aldec/altera_tse_rx_ff.v                                ;
; TSE_MAC_v16_sim/altera_eth_tse_mac/aldec/altera_tse_rx_ff_cntrl.v                          ;
; TSE_MAC_v16_sim/altera_eth_tse_mac/aldec/altera_tse_rx_ff_cntrl_32.v                       ;
; TSE_MAC_v16_sim/altera_eth_tse_mac/aldec/altera_tse_rx_ff_cntrl_32_shift16.v               ;
; TSE_MAC_v16_sim/altera_eth_tse_mac/aldec/altera_tse_rx_ff_length.v                         ;
; TSE_MAC_v16_sim/altera_eth_tse_mac/aldec/altera_tse_rx_min_ff.v                            ;
; TSE_MAC_v16_sim/altera_eth_tse_mac/aldec/altera_tse_rx_stat_extract.v                      ;
; TSE_MAC_v16_sim/altera_eth_tse_mac/aldec/altera_tse_sdpm_altsyncram.v                      ;
; TSE_MAC_v16_sim/altera_eth_tse_mac/aldec/altera_tse_sdpm_gen.v                             ;
; TSE_MAC_v16_sim/altera_eth_tse_mac/aldec/altera_tse_shared_mac_control.v                   ;
; TSE_MAC_v16_sim/altera_eth_tse_mac/aldec/altera_tse_shared_register_map.v                  ;
; TSE_MAC_v16_sim/altera_eth_tse_mac/aldec/altera_tse_timing_adapter32.v                     ;
; TSE_MAC_v16_sim/altera_eth_tse_mac/aldec/altera_tse_timing_adapter8.v                      ;
; TSE_MAC_v16_sim/altera_eth_tse_mac/aldec/altera_tse_timing_adapter_fifo32.v                ;
; TSE_MAC_v16_sim/altera_eth_tse_mac/aldec/altera_tse_timing_adapter_fifo8.v                 ;
; TSE_MAC_v16_sim/altera_eth_tse_mac/aldec/altera_tse_top_1geth.v                            ;
; TSE_MAC_v16_sim/altera_eth_tse_mac/aldec/altera_tse_top_fifoless_1geth.v                   ;
; TSE_MAC_v16_sim/altera_eth_tse_mac/aldec/altera_tse_top_gen_host.v                         ;
; TSE_MAC_v16_sim/altera_eth_tse_mac/aldec/altera_tse_top_mdio.v                             ;
; TSE_MAC_v16_sim/altera_eth_tse_mac/aldec/altera_tse_top_w_fifo.v                           ;
; TSE_MAC_v16_sim/altera_eth_tse_mac/aldec/altera_tse_top_w_fifo_10_100_1000.v               ;
; TSE_MAC_v16_sim/altera_eth_tse_mac/aldec/altera_tse_top_wo_fifo.v                          ;
; TSE_MAC_v16_sim/altera_eth_tse_mac/aldec/altera_tse_top_wo_fifo_10_100_1000.v              ;
; TSE_MAC_v16_sim/altera_eth_tse_mac/aldec/altera_tse_tx_counter_cntl.v                      ;
; TSE_MAC_v16_sim/altera_eth_tse_mac/aldec/altera_tse_tx_ff.v                                ;
; TSE_MAC_v16_sim/altera_eth_tse_mac/aldec/altera_tse_tx_ff_cntrl.v                          ;
; TSE_MAC_v16_sim/altera_eth_tse_mac/aldec/altera_tse_tx_ff_cntrl_32.v                       ;
; TSE_MAC_v16_sim/altera_eth_tse_mac/aldec/altera_tse_tx_ff_cntrl_32_shift16.v               ;
; TSE_MAC_v16_sim/altera_eth_tse_mac/aldec/altera_tse_tx_ff_length.v                         ;
; TSE_MAC_v16_sim/altera_eth_tse_mac/aldec/altera_tse_tx_ff_read_cntl.v                      ;
; TSE_MAC_v16_sim/altera_eth_tse_mac/aldec/altera_tse_tx_min_ff.v                            ;
; TSE_MAC_v16_sim/altera_eth_tse_mac/aldec/altera_tse_tx_stat_extract.v                      ;
; TSE_MAC_v16_sim/altera_eth_tse_mac/altera_std_synchronizer_nocut.v                         ;
; TSE_MAC_v16_sim/altera_eth_tse_mac/mentor/altera_eth_tse_mac.v                             ;
; TSE_MAC_v16_sim/altera_eth_tse_mac/mentor/altera_eth_tse_ptp_std_synchronizer.v            ;
; TSE_MAC_v16_sim/altera_eth_tse_mac/mentor/altera_eth_tse_std_synchronizer.v                ;
; TSE_MAC_v16_sim/altera_eth_tse_mac/mentor/altera_eth_tse_std_synchronizer_bundle.v         ;
; TSE_MAC_v16_sim/altera_eth_tse_mac/mentor/altera_tse_a_fifo_13.v                           ;
; TSE_MAC_v16_sim/altera_eth_tse_mac/mentor/altera_tse_a_fifo_24.v                           ;
; TSE_MAC_v16_sim/altera_eth_tse_mac/mentor/altera_tse_a_fifo_34.v                           ;
; TSE_MAC_v16_sim/altera_eth_tse_mac/mentor/altera_tse_a_fifo_opt_1246.v                     ;
; TSE_MAC_v16_sim/altera_eth_tse_mac/mentor/altera_tse_a_fifo_opt_14_44.v                    ;
; TSE_MAC_v16_sim/altera_eth_tse_mac/mentor/altera_tse_a_fifo_opt_36_10.v                    ;
; TSE_MAC_v16_sim/altera_eth_tse_mac/mentor/altera_tse_altshifttaps.v                        ;
; TSE_MAC_v16_sim/altera_eth_tse_mac/mentor/altera_tse_altsyncram_dpm_fifo.v                 ;
; TSE_MAC_v16_sim/altera_eth_tse_mac/mentor/altera_tse_bin_cnt.v                             ;
; TSE_MAC_v16_sim/altera_eth_tse_mac/mentor/altera_tse_clk_cntl.v                            ;
; TSE_MAC_v16_sim/altera_eth_tse_mac/mentor/altera_tse_clock_crosser.v                       ;
; TSE_MAC_v16_sim/altera_eth_tse_mac/mentor/altera_tse_crc328checker.v                       ;
; TSE_MAC_v16_sim/altera_eth_tse_mac/mentor/altera_tse_crc328generator.v                     ;
; TSE_MAC_v16_sim/altera_eth_tse_mac/mentor/altera_tse_crc32ctl8.v                           ;
; TSE_MAC_v16_sim/altera_eth_tse_mac/mentor/altera_tse_crc32galois8.v                        ;
; TSE_MAC_v16_sim/altera_eth_tse_mac/mentor/altera_tse_dpram_16x32.v                         ;
; TSE_MAC_v16_sim/altera_eth_tse_mac/mentor/altera_tse_dpram_8x32.v                          ;
; TSE_MAC_v16_sim/altera_eth_tse_mac/mentor/altera_tse_dpram_ecc_16x32.v                     ;
; TSE_MAC_v16_sim/altera_eth_tse_mac/mentor/altera_tse_ecc_dec_x10.v                         ;
; TSE_MAC_v16_sim/altera_eth_tse_mac/mentor/altera_tse_ecc_dec_x14.v                         ;
; TSE_MAC_v16_sim/altera_eth_tse_mac/mentor/altera_tse_ecc_dec_x2.v                          ;
; TSE_MAC_v16_sim/altera_eth_tse_mac/mentor/altera_tse_ecc_dec_x23.v                         ;
; TSE_MAC_v16_sim/altera_eth_tse_mac/mentor/altera_tse_ecc_dec_x30.v                         ;
; TSE_MAC_v16_sim/altera_eth_tse_mac/mentor/altera_tse_ecc_dec_x36.v                         ;
; TSE_MAC_v16_sim/altera_eth_tse_mac/mentor/altera_tse_ecc_dec_x40.v                         ;
; TSE_MAC_v16_sim/altera_eth_tse_mac/mentor/altera_tse_ecc_enc_x10.v                         ;
; TSE_MAC_v16_sim/altera_eth_tse_mac/mentor/altera_tse_ecc_enc_x10_wrapper.v                 ;
; TSE_MAC_v16_sim/altera_eth_tse_mac/mentor/altera_tse_ecc_enc_x14.v                         ;
; TSE_MAC_v16_sim/altera_eth_tse_mac/mentor/altera_tse_ecc_enc_x14_wrapper.v                 ;
; TSE_MAC_v16_sim/altera_eth_tse_mac/mentor/altera_tse_ecc_enc_x2.v                          ;
; TSE_MAC_v16_sim/altera_eth_tse_mac/mentor/altera_tse_ecc_enc_x23.v                         ;
; TSE_MAC_v16_sim/altera_eth_tse_mac/mentor/altera_tse_ecc_enc_x23_wrapper.v                 ;
; TSE_MAC_v16_sim/altera_eth_tse_mac/mentor/altera_tse_ecc_enc_x2_wrapper.v                  ;
; TSE_MAC_v16_sim/altera_eth_tse_mac/mentor/altera_tse_ecc_enc_x30.v                         ;
; TSE_MAC_v16_sim/altera_eth_tse_mac/mentor/altera_tse_ecc_enc_x30_wrapper.v                 ;
; TSE_MAC_v16_sim/altera_eth_tse_mac/mentor/altera_tse_ecc_enc_x36.v                         ;
; TSE_MAC_v16_sim/altera_eth_tse_mac/mentor/altera_tse_ecc_enc_x36_wrapper.v                 ;
; TSE_MAC_v16_sim/altera_eth_tse_mac/mentor/altera_tse_ecc_enc_x40.v                         ;
; TSE_MAC_v16_sim/altera_eth_tse_mac/mentor/altera_tse_ecc_enc_x40_wrapper.v                 ;
; TSE_MAC_v16_sim/altera_eth_tse_mac/mentor/altera_tse_ecc_status_crosser.v                  ;
; TSE_MAC_v16_sim/altera_eth_tse_mac/mentor/altera_tse_false_path_marker.v                   ;
; TSE_MAC_v16_sim/altera_eth_tse_mac/mentor/altera_tse_fifoless_mac_rx.v                     ;
; TSE_MAC_v16_sim/altera_eth_tse_mac/mentor/altera_tse_fifoless_mac_tx.v                     ;
; TSE_MAC_v16_sim/altera_eth_tse_mac/mentor/altera_tse_fifoless_retransmit_cntl.v            ;
; TSE_MAC_v16_sim/altera_eth_tse_mac/mentor/altera_tse_gmii_io.v                             ;
; TSE_MAC_v16_sim/altera_eth_tse_mac/mentor/altera_tse_gray_cnt.v                            ;
; TSE_MAC_v16_sim/altera_eth_tse_mac/mentor/altera_tse_hashing.v                             ;
; TSE_MAC_v16_sim/altera_eth_tse_mac/mentor/altera_tse_host_control.v                        ;
; TSE_MAC_v16_sim/altera_eth_tse_mac/mentor/altera_tse_host_control_small.v                  ;
; TSE_MAC_v16_sim/altera_eth_tse_mac/mentor/altera_tse_lb_read_cntl.v                        ;
; TSE_MAC_v16_sim/altera_eth_tse_mac/mentor/altera_tse_lb_wrt_cntl.v                         ;
; TSE_MAC_v16_sim/altera_eth_tse_mac/mentor/altera_tse_lfsr_10.v                             ;
; TSE_MAC_v16_sim/altera_eth_tse_mac/mentor/altera_tse_loopback_ff.v                         ;
; TSE_MAC_v16_sim/altera_eth_tse_mac/mentor/altera_tse_mac_control.v                         ;
; TSE_MAC_v16_sim/altera_eth_tse_mac/mentor/altera_tse_mac_rx.v                              ;
; TSE_MAC_v16_sim/altera_eth_tse_mac/mentor/altera_tse_mac_tx.v                              ;
; TSE_MAC_v16_sim/altera_eth_tse_mac/mentor/altera_tse_magic_detection.v                     ;
; TSE_MAC_v16_sim/altera_eth_tse_mac/mentor/altera_tse_mdio.v                                ;
; TSE_MAC_v16_sim/altera_eth_tse_mac/mentor/altera_tse_mdio_clk_gen.v                        ;
; TSE_MAC_v16_sim/altera_eth_tse_mac/mentor/altera_tse_mdio_cntl.v                           ;
; TSE_MAC_v16_sim/altera_eth_tse_mac/mentor/altera_tse_mii_rx_if.v                           ;
; TSE_MAC_v16_sim/altera_eth_tse_mac/mentor/altera_tse_mii_tx_if.v                           ;
; TSE_MAC_v16_sim/altera_eth_tse_mac/mentor/altera_tse_nf_rgmii_module.v                     ;
; TSE_MAC_v16_sim/altera_eth_tse_mac/mentor/altera_tse_ph_calculator.sv                      ;
; TSE_MAC_v16_sim/altera_eth_tse_mac/mentor/altera_tse_pipeline_base.v                       ;
; TSE_MAC_v16_sim/altera_eth_tse_mac/mentor/altera_tse_pipeline_stage.sv                     ;
; TSE_MAC_v16_sim/altera_eth_tse_mac/mentor/altera_tse_register_map.v                        ;
; TSE_MAC_v16_sim/altera_eth_tse_mac/mentor/altera_tse_register_map_small.v                  ;
; TSE_MAC_v16_sim/altera_eth_tse_mac/mentor/altera_tse_reset_synchronizer.v                  ;
; TSE_MAC_v16_sim/altera_eth_tse_mac/mentor/altera_tse_retransmit_cntl.v                     ;
; TSE_MAC_v16_sim/altera_eth_tse_mac/mentor/altera_tse_rgmii_in1.v                           ;
; TSE_MAC_v16_sim/altera_eth_tse_mac/mentor/altera_tse_rgmii_in4.v                           ;
; TSE_MAC_v16_sim/altera_eth_tse_mac/mentor/altera_tse_rgmii_module.v                        ;
; TSE_MAC_v16_sim/altera_eth_tse_mac/mentor/altera_tse_rgmii_out1.v                          ;
; TSE_MAC_v16_sim/altera_eth_tse_mac/mentor/altera_tse_rgmii_out4.v                          ;
; TSE_MAC_v16_sim/altera_eth_tse_mac/mentor/altera_tse_rx_counter_cntl.v                     ;
; TSE_MAC_v16_sim/altera_eth_tse_mac/mentor/altera_tse_rx_ff.v                               ;
; TSE_MAC_v16_sim/altera_eth_tse_mac/mentor/altera_tse_rx_ff_cntrl.v                         ;
; TSE_MAC_v16_sim/altera_eth_tse_mac/mentor/altera_tse_rx_ff_cntrl_32.v                      ;
; TSE_MAC_v16_sim/altera_eth_tse_mac/mentor/altera_tse_rx_ff_cntrl_32_shift16.v              ;
; TSE_MAC_v16_sim/altera_eth_tse_mac/mentor/altera_tse_rx_ff_length.v                        ;
; TSE_MAC_v16_sim/altera_eth_tse_mac/mentor/altera_tse_rx_min_ff.v                           ;
; TSE_MAC_v16_sim/altera_eth_tse_mac/mentor/altera_tse_rx_stat_extract.v                     ;
; TSE_MAC_v16_sim/altera_eth_tse_mac/mentor/altera_tse_sdpm_altsyncram.v                     ;
; TSE_MAC_v16_sim/altera_eth_tse_mac/mentor/altera_tse_sdpm_gen.v                            ;
; TSE_MAC_v16_sim/altera_eth_tse_mac/mentor/altera_tse_shared_mac_control.v                  ;
; TSE_MAC_v16_sim/altera_eth_tse_mac/mentor/altera_tse_shared_register_map.v                 ;
; TSE_MAC_v16_sim/altera_eth_tse_mac/mentor/altera_tse_timing_adapter32.v                    ;
; TSE_MAC_v16_sim/altera_eth_tse_mac/mentor/altera_tse_timing_adapter8.v                     ;
; TSE_MAC_v16_sim/altera_eth_tse_mac/mentor/altera_tse_timing_adapter_fifo32.v               ;
; TSE_MAC_v16_sim/altera_eth_tse_mac/mentor/altera_tse_timing_adapter_fifo8.v                ;
; TSE_MAC_v16_sim/altera_eth_tse_mac/mentor/altera_tse_top_1geth.v                           ;
; TSE_MAC_v16_sim/altera_eth_tse_mac/mentor/altera_tse_top_fifoless_1geth.v                  ;
; TSE_MAC_v16_sim/altera_eth_tse_mac/mentor/altera_tse_top_gen_host.v                        ;
; TSE_MAC_v16_sim/altera_eth_tse_mac/mentor/altera_tse_top_mdio.v                            ;
; TSE_MAC_v16_sim/altera_eth_tse_mac/mentor/altera_tse_top_w_fifo.v                          ;
; TSE_MAC_v16_sim/altera_eth_tse_mac/mentor/altera_tse_top_w_fifo_10_100_1000.v              ;
; TSE_MAC_v16_sim/altera_eth_tse_mac/mentor/altera_tse_top_wo_fifo.v                         ;
; TSE_MAC_v16_sim/altera_eth_tse_mac/mentor/altera_tse_top_wo_fifo_10_100_1000.v             ;
; TSE_MAC_v16_sim/altera_eth_tse_mac/mentor/altera_tse_tx_counter_cntl.v                     ;
; TSE_MAC_v16_sim/altera_eth_tse_mac/mentor/altera_tse_tx_ff.v                               ;
; TSE_MAC_v16_sim/altera_eth_tse_mac/mentor/altera_tse_tx_ff_cntrl.v                         ;
; TSE_MAC_v16_sim/altera_eth_tse_mac/mentor/altera_tse_tx_ff_cntrl_32.v                      ;
; TSE_MAC_v16_sim/altera_eth_tse_mac/mentor/altera_tse_tx_ff_cntrl_32_shift16.v              ;
; TSE_MAC_v16_sim/altera_eth_tse_mac/mentor/altera_tse_tx_ff_length.v                        ;
; TSE_MAC_v16_sim/altera_eth_tse_mac/mentor/altera_tse_tx_ff_read_cntl.v                     ;
; TSE_MAC_v16_sim/altera_eth_tse_mac/mentor/altera_tse_tx_min_ff.v                           ;
; TSE_MAC_v16_sim/altera_eth_tse_mac/mentor/altera_tse_tx_stat_extract.v                     ;
; TSE_MAC_v16_sim/altera_eth_tse_pcs_pma_gxb/aldec/altera_eth_tse_pcs_pma_gxb.v              ;
; TSE_MAC_v16_sim/altera_eth_tse_pcs_pma_gxb/aldec/altera_eth_tse_ptp_std_synchronizer.v     ;
; TSE_MAC_v16_sim/altera_eth_tse_pcs_pma_gxb/aldec/altera_eth_tse_std_synchronizer.v         ;
; TSE_MAC_v16_sim/altera_eth_tse_pcs_pma_gxb/aldec/altera_eth_tse_std_synchronizer_bundle.v  ;
; TSE_MAC_v16_sim/altera_eth_tse_pcs_pma_gxb/aldec/altera_tse_a_fifo_13.v                    ;
; TSE_MAC_v16_sim/altera_eth_tse_pcs_pma_gxb/aldec/altera_tse_a_fifo_24.v                    ;
; TSE_MAC_v16_sim/altera_eth_tse_pcs_pma_gxb/aldec/altera_tse_a_fifo_34.v                    ;
; TSE_MAC_v16_sim/altera_eth_tse_pcs_pma_gxb/aldec/altera_tse_a_fifo_opt_1246.v              ;
; TSE_MAC_v16_sim/altera_eth_tse_pcs_pma_gxb/aldec/altera_tse_a_fifo_opt_14_44.v             ;
; TSE_MAC_v16_sim/altera_eth_tse_pcs_pma_gxb/aldec/altera_tse_a_fifo_opt_36_10.v             ;
; TSE_MAC_v16_sim/altera_eth_tse_pcs_pma_gxb/aldec/altera_tse_align_sync.v                   ;
; TSE_MAC_v16_sim/altera_eth_tse_pcs_pma_gxb/aldec/altera_tse_altsyncram_dpm_fifo.v          ;
; TSE_MAC_v16_sim/altera_eth_tse_pcs_pma_gxb/aldec/altera_tse_bin_cnt.v                      ;
; TSE_MAC_v16_sim/altera_eth_tse_pcs_pma_gxb/aldec/altera_tse_carrier_sense.v                ;
; TSE_MAC_v16_sim/altera_eth_tse_pcs_pma_gxb/aldec/altera_tse_clk_gen.v                      ;
; TSE_MAC_v16_sim/altera_eth_tse_pcs_pma_gxb/aldec/altera_tse_clock_crosser.v                ;
; TSE_MAC_v16_sim/altera_eth_tse_pcs_pma_gxb/aldec/altera_tse_colision_detect.v              ;
; TSE_MAC_v16_sim/altera_eth_tse_pcs_pma_gxb/aldec/altera_tse_dec10b8b.v                     ;
; TSE_MAC_v16_sim/altera_eth_tse_pcs_pma_gxb/aldec/altera_tse_dec_func.v                     ;
; TSE_MAC_v16_sim/altera_eth_tse_pcs_pma_gxb/aldec/altera_tse_ecc_dec_x10.v                  ;
; TSE_MAC_v16_sim/altera_eth_tse_pcs_pma_gxb/aldec/altera_tse_ecc_dec_x14.v                  ;
; TSE_MAC_v16_sim/altera_eth_tse_pcs_pma_gxb/aldec/altera_tse_ecc_dec_x2.v                   ;
; TSE_MAC_v16_sim/altera_eth_tse_pcs_pma_gxb/aldec/altera_tse_ecc_dec_x23.v                  ;
; TSE_MAC_v16_sim/altera_eth_tse_pcs_pma_gxb/aldec/altera_tse_ecc_dec_x30.v                  ;
; TSE_MAC_v16_sim/altera_eth_tse_pcs_pma_gxb/aldec/altera_tse_ecc_dec_x36.v                  ;
; TSE_MAC_v16_sim/altera_eth_tse_pcs_pma_gxb/aldec/altera_tse_ecc_dec_x40.v                  ;
; TSE_MAC_v16_sim/altera_eth_tse_pcs_pma_gxb/aldec/altera_tse_ecc_enc_x10.v                  ;
; TSE_MAC_v16_sim/altera_eth_tse_pcs_pma_gxb/aldec/altera_tse_ecc_enc_x10_wrapper.v          ;
; TSE_MAC_v16_sim/altera_eth_tse_pcs_pma_gxb/aldec/altera_tse_ecc_enc_x14.v                  ;
; TSE_MAC_v16_sim/altera_eth_tse_pcs_pma_gxb/aldec/altera_tse_ecc_enc_x14_wrapper.v          ;
; TSE_MAC_v16_sim/altera_eth_tse_pcs_pma_gxb/aldec/altera_tse_ecc_enc_x2.v                   ;
; TSE_MAC_v16_sim/altera_eth_tse_pcs_pma_gxb/aldec/altera_tse_ecc_enc_x23.v                  ;
; TSE_MAC_v16_sim/altera_eth_tse_pcs_pma_gxb/aldec/altera_tse_ecc_enc_x23_wrapper.v          ;
; TSE_MAC_v16_sim/altera_eth_tse_pcs_pma_gxb/aldec/altera_tse_ecc_enc_x2_wrapper.v           ;
; TSE_MAC_v16_sim/altera_eth_tse_pcs_pma_gxb/aldec/altera_tse_ecc_enc_x30.v                  ;
; TSE_MAC_v16_sim/altera_eth_tse_pcs_pma_gxb/aldec/altera_tse_ecc_enc_x30_wrapper.v          ;
; TSE_MAC_v16_sim/altera_eth_tse_pcs_pma_gxb/aldec/altera_tse_ecc_enc_x36.v                  ;
; TSE_MAC_v16_sim/altera_eth_tse_pcs_pma_gxb/aldec/altera_tse_ecc_enc_x36_wrapper.v          ;
; TSE_MAC_v16_sim/altera_eth_tse_pcs_pma_gxb/aldec/altera_tse_ecc_enc_x40.v                  ;
; TSE_MAC_v16_sim/altera_eth_tse_pcs_pma_gxb/aldec/altera_tse_ecc_enc_x40_wrapper.v          ;
; TSE_MAC_v16_sim/altera_eth_tse_pcs_pma_gxb/aldec/altera_tse_ecc_status_crosser.v           ;
; TSE_MAC_v16_sim/altera_eth_tse_pcs_pma_gxb/aldec/altera_tse_enc8b10b.v                     ;
; TSE_MAC_v16_sim/altera_eth_tse_pcs_pma_gxb/aldec/altera_tse_false_path_marker.v            ;
; TSE_MAC_v16_sim/altera_eth_tse_pcs_pma_gxb/aldec/altera_tse_gray_cnt.v                     ;
; TSE_MAC_v16_sim/altera_eth_tse_pcs_pma_gxb/aldec/altera_tse_gxb_aligned_rxsync.v           ;
; TSE_MAC_v16_sim/altera_eth_tse_pcs_pma_gxb/aldec/altera_tse_mdio_reg.v                     ;
; TSE_MAC_v16_sim/altera_eth_tse_pcs_pma_gxb/aldec/altera_tse_mii_rx_if_pcs.v                ;
; TSE_MAC_v16_sim/altera_eth_tse_pcs_pma_gxb/aldec/altera_tse_mii_tx_if_pcs.v                ;
; TSE_MAC_v16_sim/altera_eth_tse_pcs_pma_gxb/aldec/altera_tse_pcs_control.v                  ;
; TSE_MAC_v16_sim/altera_eth_tse_pcs_pma_gxb/aldec/altera_tse_pcs_host_control.v             ;
; TSE_MAC_v16_sim/altera_eth_tse_pcs_pma_gxb/aldec/altera_tse_ph_calculator.sv               ;
; TSE_MAC_v16_sim/altera_eth_tse_pcs_pma_gxb/aldec/altera_tse_reset_ctrl_lego.sv             ;
; TSE_MAC_v16_sim/altera_eth_tse_pcs_pma_gxb/aldec/altera_tse_reset_sequencer.sv             ;
; TSE_MAC_v16_sim/altera_eth_tse_pcs_pma_gxb/aldec/altera_tse_reset_synchronizer.v           ;
; TSE_MAC_v16_sim/altera_eth_tse_pcs_pma_gxb/aldec/altera_tse_rx_converter.v                 ;
; TSE_MAC_v16_sim/altera_eth_tse_pcs_pma_gxb/aldec/altera_tse_rx_encapsulation.v             ;
; TSE_MAC_v16_sim/altera_eth_tse_pcs_pma_gxb/aldec/altera_tse_rx_encapsulation_strx_gx.v     ;
; TSE_MAC_v16_sim/altera_eth_tse_pcs_pma_gxb/aldec/altera_tse_rx_fifo_rd.v                   ;
; TSE_MAC_v16_sim/altera_eth_tse_pcs_pma_gxb/aldec/altera_tse_rx_sync.v                      ;
; TSE_MAC_v16_sim/altera_eth_tse_pcs_pma_gxb/aldec/altera_tse_sdpm_altsyncram.v              ;
; TSE_MAC_v16_sim/altera_eth_tse_pcs_pma_gxb/aldec/altera_tse_sdpm_gen.v                     ;
; TSE_MAC_v16_sim/altera_eth_tse_pcs_pma_gxb/aldec/altera_tse_sgmii_clk_cntl.v               ;
; TSE_MAC_v16_sim/altera_eth_tse_pcs_pma_gxb/aldec/altera_tse_sgmii_clk_div.v                ;
; TSE_MAC_v16_sim/altera_eth_tse_pcs_pma_gxb/aldec/altera_tse_sgmii_clk_enable.v             ;
; TSE_MAC_v16_sim/altera_eth_tse_pcs_pma_gxb/aldec/altera_tse_top_1000_base_x.v              ;
; TSE_MAC_v16_sim/altera_eth_tse_pcs_pma_gxb/aldec/altera_tse_top_1000_base_x_strx_gx.v      ;
; TSE_MAC_v16_sim/altera_eth_tse_pcs_pma_gxb/aldec/altera_tse_top_autoneg.v                  ;
; TSE_MAC_v16_sim/altera_eth_tse_pcs_pma_gxb/aldec/altera_tse_top_pcs.v                      ;
; TSE_MAC_v16_sim/altera_eth_tse_pcs_pma_gxb/aldec/altera_tse_top_pcs_strx_gx.v              ;
; TSE_MAC_v16_sim/altera_eth_tse_pcs_pma_gxb/aldec/altera_tse_top_rx.v                       ;
; TSE_MAC_v16_sim/altera_eth_tse_pcs_pma_gxb/aldec/altera_tse_top_rx_converter.v             ;
; TSE_MAC_v16_sim/altera_eth_tse_pcs_pma_gxb/aldec/altera_tse_top_sgmii.v                    ;
; TSE_MAC_v16_sim/altera_eth_tse_pcs_pma_gxb/aldec/altera_tse_top_sgmii_strx_gx.v            ;
; TSE_MAC_v16_sim/altera_eth_tse_pcs_pma_gxb/aldec/altera_tse_top_tx.v                       ;
; TSE_MAC_v16_sim/altera_eth_tse_pcs_pma_gxb/aldec/altera_tse_top_tx_converter.v             ;
; TSE_MAC_v16_sim/altera_eth_tse_pcs_pma_gxb/aldec/altera_tse_tx_converter.v                 ;
; TSE_MAC_v16_sim/altera_eth_tse_pcs_pma_gxb/aldec/altera_tse_tx_encapsulation.v             ;
; TSE_MAC_v16_sim/altera_eth_tse_pcs_pma_gxb/aldec/altera_tse_xcvr_resync.v                  ;
; TSE_MAC_v16_sim/altera_eth_tse_pcs_pma_gxb/altera_std_synchronizer_nocut.v                 ;
; TSE_MAC_v16_sim/altera_eth_tse_pcs_pma_gxb/mentor/altera_eth_tse_pcs_pma_gxb.v             ;
; TSE_MAC_v16_sim/altera_eth_tse_pcs_pma_gxb/mentor/altera_eth_tse_ptp_std_synchronizer.v    ;
; TSE_MAC_v16_sim/altera_eth_tse_pcs_pma_gxb/mentor/altera_eth_tse_std_synchronizer.v        ;
; TSE_MAC_v16_sim/altera_eth_tse_pcs_pma_gxb/mentor/altera_eth_tse_std_synchronizer_bundle.v ;
; TSE_MAC_v16_sim/altera_eth_tse_pcs_pma_gxb/mentor/altera_tse_a_fifo_13.v                   ;
; TSE_MAC_v16_sim/altera_eth_tse_pcs_pma_gxb/mentor/altera_tse_a_fifo_24.v                   ;
; TSE_MAC_v16_sim/altera_eth_tse_pcs_pma_gxb/mentor/altera_tse_a_fifo_34.v                   ;
; TSE_MAC_v16_sim/altera_eth_tse_pcs_pma_gxb/mentor/altera_tse_a_fifo_opt_1246.v             ;
; TSE_MAC_v16_sim/altera_eth_tse_pcs_pma_gxb/mentor/altera_tse_a_fifo_opt_14_44.v            ;
; TSE_MAC_v16_sim/altera_eth_tse_pcs_pma_gxb/mentor/altera_tse_a_fifo_opt_36_10.v            ;
; TSE_MAC_v16_sim/altera_eth_tse_pcs_pma_gxb/mentor/altera_tse_align_sync.v                  ;
; TSE_MAC_v16_sim/altera_eth_tse_pcs_pma_gxb/mentor/altera_tse_altsyncram_dpm_fifo.v         ;
; TSE_MAC_v16_sim/altera_eth_tse_pcs_pma_gxb/mentor/altera_tse_bin_cnt.v                     ;
; TSE_MAC_v16_sim/altera_eth_tse_pcs_pma_gxb/mentor/altera_tse_carrier_sense.v               ;
; TSE_MAC_v16_sim/altera_eth_tse_pcs_pma_gxb/mentor/altera_tse_clk_gen.v                     ;
; TSE_MAC_v16_sim/altera_eth_tse_pcs_pma_gxb/mentor/altera_tse_clock_crosser.v               ;
; TSE_MAC_v16_sim/altera_eth_tse_pcs_pma_gxb/mentor/altera_tse_colision_detect.v             ;
; TSE_MAC_v16_sim/altera_eth_tse_pcs_pma_gxb/mentor/altera_tse_dec10b8b.v                    ;
; TSE_MAC_v16_sim/altera_eth_tse_pcs_pma_gxb/mentor/altera_tse_dec_func.v                    ;
; TSE_MAC_v16_sim/altera_eth_tse_pcs_pma_gxb/mentor/altera_tse_ecc_dec_x10.v                 ;
; TSE_MAC_v16_sim/altera_eth_tse_pcs_pma_gxb/mentor/altera_tse_ecc_dec_x14.v                 ;
; TSE_MAC_v16_sim/altera_eth_tse_pcs_pma_gxb/mentor/altera_tse_ecc_dec_x2.v                  ;
; TSE_MAC_v16_sim/altera_eth_tse_pcs_pma_gxb/mentor/altera_tse_ecc_dec_x23.v                 ;
; TSE_MAC_v16_sim/altera_eth_tse_pcs_pma_gxb/mentor/altera_tse_ecc_dec_x30.v                 ;
; TSE_MAC_v16_sim/altera_eth_tse_pcs_pma_gxb/mentor/altera_tse_ecc_dec_x36.v                 ;
; TSE_MAC_v16_sim/altera_eth_tse_pcs_pma_gxb/mentor/altera_tse_ecc_dec_x40.v                 ;
; TSE_MAC_v16_sim/altera_eth_tse_pcs_pma_gxb/mentor/altera_tse_ecc_enc_x10.v                 ;
; TSE_MAC_v16_sim/altera_eth_tse_pcs_pma_gxb/mentor/altera_tse_ecc_enc_x10_wrapper.v         ;
; TSE_MAC_v16_sim/altera_eth_tse_pcs_pma_gxb/mentor/altera_tse_ecc_enc_x14.v                 ;
; TSE_MAC_v16_sim/altera_eth_tse_pcs_pma_gxb/mentor/altera_tse_ecc_enc_x14_wrapper.v         ;
; TSE_MAC_v16_sim/altera_eth_tse_pcs_pma_gxb/mentor/altera_tse_ecc_enc_x2.v                  ;
; TSE_MAC_v16_sim/altera_eth_tse_pcs_pma_gxb/mentor/altera_tse_ecc_enc_x23.v                 ;
; TSE_MAC_v16_sim/altera_eth_tse_pcs_pma_gxb/mentor/altera_tse_ecc_enc_x23_wrapper.v         ;
; TSE_MAC_v16_sim/altera_eth_tse_pcs_pma_gxb/mentor/altera_tse_ecc_enc_x2_wrapper.v          ;
; TSE_MAC_v16_sim/altera_eth_tse_pcs_pma_gxb/mentor/altera_tse_ecc_enc_x30.v                 ;
; TSE_MAC_v16_sim/altera_eth_tse_pcs_pma_gxb/mentor/altera_tse_ecc_enc_x30_wrapper.v         ;
; TSE_MAC_v16_sim/altera_eth_tse_pcs_pma_gxb/mentor/altera_tse_ecc_enc_x36.v                 ;
; TSE_MAC_v16_sim/altera_eth_tse_pcs_pma_gxb/mentor/altera_tse_ecc_enc_x36_wrapper.v         ;
; TSE_MAC_v16_sim/altera_eth_tse_pcs_pma_gxb/mentor/altera_tse_ecc_enc_x40.v                 ;
; TSE_MAC_v16_sim/altera_eth_tse_pcs_pma_gxb/mentor/altera_tse_ecc_enc_x40_wrapper.v         ;
; TSE_MAC_v16_sim/altera_eth_tse_pcs_pma_gxb/mentor/altera_tse_ecc_status_crosser.v          ;
; TSE_MAC_v16_sim/altera_eth_tse_pcs_pma_gxb/mentor/altera_tse_enc8b10b.v                    ;
; TSE_MAC_v16_sim/altera_eth_tse_pcs_pma_gxb/mentor/altera_tse_false_path_marker.v           ;
; TSE_MAC_v16_sim/altera_eth_tse_pcs_pma_gxb/mentor/altera_tse_gray_cnt.v                    ;
; TSE_MAC_v16_sim/altera_eth_tse_pcs_pma_gxb/mentor/altera_tse_gxb_aligned_rxsync.v          ;
; TSE_MAC_v16_sim/altera_eth_tse_pcs_pma_gxb/mentor/altera_tse_mdio_reg.v                    ;
; TSE_MAC_v16_sim/altera_eth_tse_pcs_pma_gxb/mentor/altera_tse_mii_rx_if_pcs.v               ;
; TSE_MAC_v16_sim/altera_eth_tse_pcs_pma_gxb/mentor/altera_tse_mii_tx_if_pcs.v               ;
; TSE_MAC_v16_sim/altera_eth_tse_pcs_pma_gxb/mentor/altera_tse_pcs_control.v                 ;
; TSE_MAC_v16_sim/altera_eth_tse_pcs_pma_gxb/mentor/altera_tse_pcs_host_control.v            ;
; TSE_MAC_v16_sim/altera_eth_tse_pcs_pma_gxb/mentor/altera_tse_ph_calculator.sv              ;
; TSE_MAC_v16_sim/altera_eth_tse_pcs_pma_gxb/mentor/altera_tse_reset_ctrl_lego.sv            ;
; TSE_MAC_v16_sim/altera_eth_tse_pcs_pma_gxb/mentor/altera_tse_reset_sequencer.sv            ;
; TSE_MAC_v16_sim/altera_eth_tse_pcs_pma_gxb/mentor/altera_tse_reset_synchronizer.v          ;
; TSE_MAC_v16_sim/altera_eth_tse_pcs_pma_gxb/mentor/altera_tse_rx_converter.v                ;
; TSE_MAC_v16_sim/altera_eth_tse_pcs_pma_gxb/mentor/altera_tse_rx_encapsulation.v            ;
; TSE_MAC_v16_sim/altera_eth_tse_pcs_pma_gxb/mentor/altera_tse_rx_encapsulation_strx_gx.v    ;
; TSE_MAC_v16_sim/altera_eth_tse_pcs_pma_gxb/mentor/altera_tse_rx_fifo_rd.v                  ;
; TSE_MAC_v16_sim/altera_eth_tse_pcs_pma_gxb/mentor/altera_tse_rx_sync.v                     ;
; TSE_MAC_v16_sim/altera_eth_tse_pcs_pma_gxb/mentor/altera_tse_sdpm_altsyncram.v             ;
; TSE_MAC_v16_sim/altera_eth_tse_pcs_pma_gxb/mentor/altera_tse_sdpm_gen.v                    ;
; TSE_MAC_v16_sim/altera_eth_tse_pcs_pma_gxb/mentor/altera_tse_sgmii_clk_cntl.v              ;
; TSE_MAC_v16_sim/altera_eth_tse_pcs_pma_gxb/mentor/altera_tse_sgmii_clk_div.v               ;
; TSE_MAC_v16_sim/altera_eth_tse_pcs_pma_gxb/mentor/altera_tse_sgmii_clk_enable.v            ;
; TSE_MAC_v16_sim/altera_eth_tse_pcs_pma_gxb/mentor/altera_tse_top_1000_base_x.v             ;
; TSE_MAC_v16_sim/altera_eth_tse_pcs_pma_gxb/mentor/altera_tse_top_1000_base_x_strx_gx.v     ;
; TSE_MAC_v16_sim/altera_eth_tse_pcs_pma_gxb/mentor/altera_tse_top_autoneg.v                 ;
; TSE_MAC_v16_sim/altera_eth_tse_pcs_pma_gxb/mentor/altera_tse_top_pcs.v                     ;
; TSE_MAC_v16_sim/altera_eth_tse_pcs_pma_gxb/mentor/altera_tse_top_pcs_strx_gx.v             ;
; TSE_MAC_v16_sim/altera_eth_tse_pcs_pma_gxb/mentor/altera_tse_top_rx.v                      ;
; TSE_MAC_v16_sim/altera_eth_tse_pcs_pma_gxb/mentor/altera_tse_top_rx_converter.v            ;
; TSE_MAC_v16_sim/altera_eth_tse_pcs_pma_gxb/mentor/altera_tse_top_sgmii.v                   ;
; TSE_MAC_v16_sim/altera_eth_tse_pcs_pma_gxb/mentor/altera_tse_top_sgmii_strx_gx.v           ;
; TSE_MAC_v16_sim/altera_eth_tse_pcs_pma_gxb/mentor/altera_tse_top_tx.v                      ;
; TSE_MAC_v16_sim/altera_eth_tse_pcs_pma_gxb/mentor/altera_tse_top_tx_converter.v            ;
; TSE_MAC_v16_sim/altera_eth_tse_pcs_pma_gxb/mentor/altera_tse_tx_converter.v                ;
; TSE_MAC_v16_sim/altera_eth_tse_pcs_pma_gxb/mentor/altera_tse_tx_encapsulation.v            ;
; TSE_MAC_v16_sim/altera_eth_tse_pcs_pma_gxb/mentor/altera_tse_xcvr_resync.v                 ;
; TSE_MAC_v16_sim/altera_reset_controller/aldec/altera_reset_controller.v                    ;
; TSE_MAC_v16_sim/altera_reset_controller/aldec/altera_reset_synchronizer.v                  ;
; TSE_MAC_v16_sim/altera_reset_controller/mentor/altera_reset_controller.v                   ;
; TSE_MAC_v16_sim/altera_reset_controller/mentor/altera_reset_synchronizer.v                 ;
; al_const_32bit.vhd                                                                         ;
; al_const_wren.vhd                                                                          ;
; alt_pll.cmp                                                                                ;
; alt_pll.ppf                                                                                ;
; alt_pll.qip                                                                                ;
; alt_pll.vhd                                                                                ;
; e_mux.cmp                                                                                  ;
; e_mux.qip                                                                                  ;
; e_mux.vhd                                                                                  ;
; mac_reg_cntl.vhd                                                                           ;
; mac_reg_read.vhd                                                                           ;
; output_files/Chain5.cdf                                                                    ;
; phase_pll.cmp                                                                              ;
; phase_pll.ppf                                                                              ;
; phase_pll.qip                                                                              ;
; phase_pll.vhd                                                                              ;
; pll_phase_ENT.vhd                                                                          ;
; rx_frame.vhd                                                                               ;
; sfl_epcs.vhd                                                                               ;
; sys_rst.vhd                                                                                ;
; tx_frame_2.vhd                                                                             ;
; tx_packet_fifo.bsf                                                                         ;
; tx_packet_fifo.cmp                                                                         ;
; tx_packet_fifo.qip                                                                         ;
; tx_packet_fifo.vhd                                                                         ;
; udp_io.vhd                                                                                 ;
; assignment_defaults.qdf                                                                    ;
+--------------------------------------------------------------------------------------------+


+--------------------+
; Files Not Restored ;
+--------------------+
; File Name          ;
+--------------------+


